// Jest Snapshot v1, https://goo.gl/fbAQLP

exports[`matches snapshot 1`] = `
<div
  className="MuiGrid-root makeStyles-root-1 MuiGrid-container MuiGrid-align-items-xs-center"
>
  <div
    className="MuiGrid-root MuiGrid-item MuiGrid-grid-xs-true"
  >
    <h6
      className="MuiTypography-root MuiTypography-h6"
      data-testid="location"
    >
       (
      )
    </h6>
  </div>
  <div
    className="MuiGrid-root MuiGrid-item"
  >
    <svg
      aria-hidden={true}
      className="MuiSvgIcon-root"
      focusable="false"
      viewBox="0 0 24 24"
    >
      <path
        d="M8.59 16.59L13.17 12 8.59 7.41 10 6l6 6-6 6-1.41-1.41z"
      />
    </svg>
  </div>
</div>
`;
