// Jest Snapshot v1, https://goo.gl/fbAQLP

exports[`renders snapshot correctly 1`] = `
<div
  className="MuiGrid-root makeStyles-root-1 MuiGrid-container MuiGrid-align-items-xs-center"
>
  <div
    className="MuiGrid-root MuiGrid-item"
  >
    <svg
      aria-hidden={true}
      className="MuiSvgIcon-root makeStyles-icon-2"
      focusable="false"
      viewBox="0 0 24 24"
    >
      <path
        d="M12 2C8.13 2 5 5.13 5 9c0 5.25 7 13 7 13s7-7.75 7-13c0-3.87-3.13-7-7-7zm0 9.5c-1.38 0-2.5-1.12-2.5-2.5s1.12-2.5 2.5-2.5 2.5 1.12 2.5 2.5-1.12 2.5-2.5 2.5z"
      />
    </svg>
  </div>
  <div
    className="MuiGrid-root makeStyles-input-3 MuiGrid-item"
  >
    <div
      className="MuiFormControl-root MuiTextField-root MuiFormControl-fullWidth"
      data-testid="inputField"
    >
      <div
        className="MuiInputBase-root MuiInput-root MuiInputBase-fullWidth MuiInput-fullWidth MuiInputBase-formControl MuiInput-formControl"
        onClick={[Function]}
      >
        <input
          aria-invalid={false}
          autoFocus={false}
          className="MuiInputBase-input MuiInput-input"
          disabled={false}
          onAnimationStart={[Function]}
          onBlur={[Function]}
          onChange={[Function]}
          onFocus={[Function]}
          placeholder="Hyderabad"
          required={false}
          type="text"
        />
      </div>
    </div>
  </div>
  <div
    className="MuiGrid-root makeStyles-arrow-5 MuiGrid-item"
  >
    <svg
      aria-hidden={true}
      className="MuiSvgIcon-root"
      focusable="false"
      viewBox="0 0 24 24"
    >
      <path
        d="M7 10l5 5 5-5z"
      />
    </svg>
  </div>
  <div
    className="MuiGrid-root MuiGrid-item"
  >
    <div
      className="makeStyles-line-4"
    />
  </div>
  <div
    className="MuiGrid-root makeStyles-textField-6 MuiGrid-item MuiGrid-grid-sm-true"
  >
    <div
      className="MuiFormControl-root MuiTextField-root MuiFormControl-fullWidth"
      data-testid="inputField"
    >
      <div
        className="MuiInputBase-root MuiInput-root MuiInputBase-fullWidth MuiInput-fullWidth MuiInputBase-formControl MuiInput-formControl MuiInputBase-marginDense MuiInput-marginDense"
        onClick={[Function]}
      >
        <input
          aria-invalid={false}
          autoFocus={false}
          className="MuiInputBase-input MuiInput-input MuiInputBase-inputMarginDense MuiInput-inputMarginDense"
          disabled={false}
          onAnimationStart={[Function]}
          onBlur={[Function]}
          onChange={[Function]}
          onFocus={[Function]}
          placeholder="Search for restaurant, cuisine or a dish"
          required={false}
          type="text"
        />
      </div>
    </div>
  </div>
  <div
    className="MuiGrid-root MuiGrid-item"
  >
    <svg
      aria-hidden={true}
      className="MuiSvgIcon-root makeStyles-searchIcon-7"
      focusable="false"
      viewBox="0 0 24 24"
    >
      <path
        d="M15.5 14h-.79l-.28-.27C15.41 12.59 16 11.11 16 9.5 16 5.91 13.09 3 9.5 3S3 5.91 3 9.5 5.91 16 9.5 16c1.61 0 3.09-.59 4.23-1.57l.27.28v.79l5 4.99L20.49 19l-4.99-5zm-6 0C7.01 14 5 11.99 5 9.5S7.01 5 9.5 5 14 7.01 14 9.5 11.99 14 9.5 14z"
      />
    </svg>
  </div>
</div>
`;
